[INFO] Scanning for projects...
[INFO] 
[INFO] -----------------------< com.example:mutexa-be >------------------------
[INFO] Building mutexa-be 0.0.1-SNAPSHOT
[INFO]   from pom.xml
[INFO] --------------------------------[ jar ]---------------------------------
[INFO] 
[INFO] --- resources:3.3.1:resources (default-resources) @ mutexa-be ---
[INFO] Copying 1 resource from src\main\resources to target\classes
[INFO] Copying 1 resource from src\main\resources to target\classes
[INFO] 
[INFO] --- compiler:3.14.1:compile (default-compile) @ mutexa-be ---
[INFO] Recompiling the module because of changed source code.
[INFO] Compiling 51 source files with javac [debug parameters release 21] to target\classes
[INFO] -------------------------------------------------------------
[WARNING] COMPILATION WARNING : 
[INFO] -------------------------------------------------------------
[WARNING] /C:/Users/agung/Documents/PDP_BCA_Finance/MutexaApp/mutexa-be/src/main/java/com/example/mutexa_be/entity/ExclusionRule.java:[44,20] @Builder will ignore the initializing expression entirely. If you want the initializing expression to serve as default, add @Builder.Default. If it is not supposed to be settable during building, make the field final.
[INFO] 1 warning
[INFO] -------------------------------------------------------------
[INFO] -------------------------------------------------------------
[ERROR] COMPILATION ERROR : 
[INFO] -------------------------------------------------------------
[ERROR] /C:/Users/agung/Documents/PDP_BCA_Finance/MutexaApp/mutexa-be/src/main/java/com/example/mutexa_be/service/DocumentService.java:[12,44] cannot find symbol
  symbol:   class ParserRouterService
  location: package com.example.mutexa_be.service.parser
[INFO] 1 error
[INFO] -------------------------------------------------------------
[INFO] ------------------------------------------------------------------------
[INFO] BUILD FAILURE
[INFO] ------------------------------------------------------------------------
[INFO] Total time:  7.936 s
[INFO] Finished at: 2026-04-13T08:52:42+07:00
[INFO] ------------------------------------------------------------------------
[ERROR] Failed to execute goal org.apache.maven.plugins:maven-compiler-plugin:3.14.1:compile (default-compile) on project mutexa-be: Compilation failure
[ERROR] /C:/Users/agung/Documents/PDP_BCA_Finance/MutexaApp/mutexa-be/src/main/java/com/example/mutexa_be/service/DocumentService.java:[12,44] cannot find symbol
[ERROR]   symbol:   class ParserRouterService
[ERROR]   location: package com.example.mutexa_be.service.parser
[ERROR] 
[ERROR] -> [Help 1]
[ERROR] 
[ERROR] To see the full stack trace of the errors, re-run Maven with the -e switch.
[ERROR] Re-run Maven using the -X switch to enable full debug logging.
[ERROR] 
[ERROR] For more information about the errors and possible solutions, please read the following articles:
[ERROR] [Help 1] http://cwiki.apache.org/confluence/display/MAVEN/MojoFailureException
