[INFO] Scanning for projects...
[INFO] 
[INFO] -----------------------< com.example:mutexa-be >------------------------
[INFO] Building mutexa-be 0.0.1-SNAPSHOT
[INFO]   from pom.xml
[INFO] --------------------------------[ jar ]---------------------------------
[INFO] 
[INFO] --- resources:3.3.1:resources (default-resources) @ mutexa-be ---
[INFO] Copying 1 resource from src\main\resources to target\classes
[INFO] Copying 0 resource from src\main\resources to target\classes
[INFO] 
[INFO] --- compiler:3.14.1:compile (default-compile) @ mutexa-be ---
[INFO] Nothing to compile - all classes are up to date.
[INFO] 
[INFO] --- resources:3.3.1:testResources (default-testResources) @ mutexa-be ---
[INFO] skip non existing resourceDirectory C:\Users\agung\Documents\PDP_BCA_Finance\MutexaApp\mutexa-be\src\test\resources
[INFO] 
[INFO] --- compiler:3.14.1:testCompile (default-testCompile) @ mutexa-be ---
[INFO] Recompiling the module because of changed source code.
[INFO] Compiling 1 source file with javac [debug parameters release 21] to target\test-classes
[INFO] 
[INFO] --- surefire:3.5.4:test (default-test) @ mutexa-be ---
[INFO] Using auto detected provider org.apache.maven.surefire.junitplatform.JUnitPlatformProvider
[INFO] 
[INFO] -------------------------------------------------------
[INFO]  T E S T S
[INFO] -------------------------------------------------------
[INFO] Running com.example.mutexa_be.PdfInspectorTest
======================================================
Membaca File: Mandiri_ AHSA_JAYA_METALINDO_2026.pdf
======================================================
Account Statement
Created 12 Mar 2026, 15:29:43
Account Statement Summary
Opening Balance Total Amount DebitedNo. of Debit
895,800,132.47 64 5,806,333,163.44
Closing Balance Total Amount CreditedNo. of Credit
1,017,089,391.23 52 5,927,622,422.20
Account No. Account Name Alias
1820079957999 AHSA JAYA METALINDO AHSA JAYA METALINDO
Period Currency Branch
IDR01 Dec 2025 - 31 Dec 2025 AREA BANDUNG ASIA-AFRIKA
CreditReference No.Remark Debit BalancePosting Date
01 Dec 2025,
14:11:24
SETORAN 01/12/2025
Setor tunai  AHSA JAYA
METALINDO 01-0718203
- 0.00 98,299,500.00 994,099,632.47
01 Dec 2025,
14:37:18
AHSA-JUI SHIN
MCM InhouseTrf  KE JUI
SHIN INDONESIA Transfer
Fee
202512011159600528991
02
- 199,200,000.00 0.00 794,899,632.47
01 Dec 2025,
14:37:22
AHSA-JUI SHIN
MCM InhouseTrf  KE JUI
SHIN INDONESIA Transfer
Fee
202512011200594920991
02
- 132,800,000.00 0.00 662,099,632.47
02 Dec 2025,
07:59:07
20251202BNINIDJA010O0
240424480
BNINIDJA/EUIS MARIAM
39422337099102
- 0.00 8,476,000.00 670,575,632.47
02 Dec 2025,
12:54:36
AHSA-JUI SHIN
MCM InhouseTrf  KE JUI
SHIN INDONESIA Transfer
Fee
202512021213793123991
02
- 199,200,000.00 0.00 471,375,632.47
02 Dec 2025,
15:06:39
BG 187983-0090010 BNI
CIANJUR            Setor
Kliring 10187983 BG-
187983 BCA18203
- 0.00 39,120,000.00 510,495,632.47
03 Dec 2025,
11:58:38
AHSA-JUI SHIN
MCM InhouseTrf  KE JUI
SHIN INDONESIA Transfer
Fee
202512031139717815991
02
- 332,000,000.00 0.00 178,495,632.47
Page 1 ofkoprabymandiri.com/help  12For further questions, visit Kopra by Mandiri Help Center:
Account Statement
Created 12 Mar 2026, 15:29:43
CreditReference No.Remark Debit BalancePosting Date
03 Dec 2025,
11:58:42
ZEFRI 1125
MCM InhouseTrf  KE ZEPRI
Transfer Fee
202512031141724583991
02
- 2,898,400.00 0.00 175,597,232.47
03 Dec 2025,
12:36:55
SETORAN 03/12/25
Setor tunai  AHSA JAYA
METALINDO 01-0718203
- 0.00 178,036,500.00 353,633,732.47
04 Dec 2025,
08:19:22
20251204BNINIDJA010O0
240311790
BNINIDJA/EUIS MARIAM
39422337099102
- 0.00 16,952,000.00 370,585,732.47
04 Dec 2025,
13:28:21
PINBUK AHSA 19-99
MCM InhouseTrf  DARI
AHSA JAYA METALINDO
Transfer Fee
202512041201990363991
02
- 0.00 300,000,000.00 670,585,732.47
04 Dec 2025,
13:29:10
AHSA-JUI SHIN
MCM InhouseTrf  KE JUI
SHIN INDONESIA Transfer
Fee
202512041154984876991
02
- 265,600,000.00 0.00 404,985,732.47
04 Dec 2025,
13:29:11
20251204BMRIIDJA010O9
930110154
BRINIDJA/A

... (dipotong) ...

======================================================
Membaca File: BRI_AMBE MAJU BERSAMA  .pdf
======================================================
No. Rekening
Account No
: 038701877777301 Unit Kerja
Business Unit
: KC Bogor Pajajaran
Nama Produk
Product Name
: Giro Umum-IDR       Alamat Unit Kerja
Business Unit Address
: JL RAYA PAJAJARAN NO 96A BOGOR 16153    
KANWIL JAKARTA 2                        
Valuta
Currency
: IDR 
Tanggal Transaksi
Transaction Date
Uraian Transaksi
Transaction Description
Teller
User ID
Debet
Debit
Kredit
Credit
Saldo
Balance
02/11/25 08:12:24 Transfer BI-Fast ke BANK CENTRAL ASIA - 
6820987070 - Ambe Maju Bersama Cv
8890405   75,000,000.00 0.00 25,573,108.00
02/11/25 08:12:24 Transfer BI-Fast ke BANK CENTRAL ASIA - 
6820987070 - Ambe Maju Bersama Cv
8890405   2,500.00 0.00 25,570,608.00
05/11/25 10:01:42 IBIZ AMBE MAJU BERS TO NIA YUSNIA 8890405   1,465,000.00 0.00 24,105,608.00
05/11/25 10:06:23 IBIZ AMBE MAJU BERS TO AMBE MAJU BERSAMA 8890401   1,600,000.00 0.00 22,505,608.00
05/11/25 10:08:06 IBIZ AMBE MAJU BERS TO MAYA WIJAYANTI PU 8890404   1,517,500.00 0.00 20,988,108.00
05/11/25 10:30:31 IBIZ AMBE MAJU BERS TO MAYA WIJAYANTI PU 8890404   360,000.00 0.00 20,628,108.00
05/11/25 11:27:42 IBIZ AMBE MAJU BERS TO AMBE MAJU BERSAMA 8890406   300,000.00 0.00 20,328,108.00
05/11/25 16:05:08 IBIZ AMBE MAJU BERS TO RURIN PUTRI RINJA 8890405   900,000.00 0.00 19,428,108.00
05/11/25 16:11:45 IBIZ AMBE MAJU BERS TO RURIN PUTRI RINJA 8890410   1,000,000.00 0.00 18,428,108.00
05/11/25 16:13:35 IBIZ AMBE MAJU BERS TO RURIN PUTRI RINJA 8890409   800,000.00 0.00 17,628,108.00
05/11/25 16:15:23 IBIZ AMBE MAJU BERS TO RURIN PUTRI RINJA 8890404   1,000,000.00 0.00 16,628,108.00
05/11/25 16:16:53 IBIZ AMBE MAJU BERS TO AMBE MAJU BERSAMA 8890410   1,000,000.00 0.00 15,628,108.00
06/11/25 10:16:34 IBIZ AMBE MAJU BERS TO SULISTIANI 8890402   1,360,000.00 0.00 14,268,108.00
06/11/25 10:18:54 IBIZ AMBE MAJU BERS TO MAYA WIJAYANTI PU 8890409   7,000,000.00 0.00 7,268,108.00
06/11/25 13:25:30 IBIZ AMBE MAJU BERS TO AMBE MAJU BERSAMA 8890410   0.00 75,000,000.00 82,268,108.00
06/11/25 13:28:04 Transfer BI-Fast ke BANK CENTRAL ASIA - 
6821666969 - Mufti Abid
8890405   60,000,000.00 0.00 22,268,108.00
06/11/25 13:28:04 Transfer BI-Fast ke BANK CENTRAL ASIA - 
6821666969 - Mufti Abid
8890405   2,500.00 0.00 22,265,608.00
07/11/25 15:40:07 IBIZ AMBE MAJU BERS TO MAYA WIJAYANTI PU 8890403   340,000.00 0.00 21,925,608.00
07/11/25 15:42:25 IBIZ AMBE MAJU BERS TO MAYA WIJAYANTI PU 8890405   210,000.00 0.00 21,715,608.00
Kepada Yth. / To : Tanggal Lapo

... (dipotong) ...

======================================================
Membaca File: MUTASI 3 BULAN UOB PT EGA TEKELINDO PRIMA 5189011566.pdf
======================================================
Account Activities
Company / Account
Company
EGA TEKELINDO PRIMA,PT
Account
4183011566 EGA TEKELINDO PRIMA,PT IDR 4183011566
Account Balance
Available Balance
IDR 10,962,158,650
Ledger Balance
IDR 962,158,650
Account Details
Account Type
Current Account
Account Branch
KCP MANGGA DUA
PLAZA
Overdraft Facility
10000000000.00
Primary Account
No
Account Currency
IDR
Total Float
0.00
Account Nature
M
Allocated Amount
0
Earmark
0.00
Account Transactions
Account Type
Withdrawal and Deposit
Statement Date
01/11/2025 - 30/11/2025
10 records (Note: The above filters are applied.)
Statement Date Transaction Date Description Deposit(IDR) Withdrawal(IDR) Ledger Balance(IDR)
03/11/2025
03/11/2025 11:03:38
AM
Misc Credit
TRANSFER DANA
RIC511030152C01
PT. EGA TEKELINDO PRIMA
35,000,000,000 0 25,686,151,736
03/11/2025
03/11/2025 01:27:26
PM
Misc Debit
PENEMPATAN DEPOSITO
0 35,000,000,000 -9,313,848,264
04/11/2025
04/11/2025 11:00:31
AM
Misc Credit
TRANSFER DANA
RIC511040143C01
PT. EGA TEKELINDO PRIMA
2,000,000,000 0 -7,313,848,264
05/11/2025
05/11/2025 11:12:07
PM
Interest Credit 221,409 0 -7,313,626,855
05/11/2025
05/11/2025 11:12:07
PM
Withholding Tax Dr 0 44,281 -7,313,671,136
Account Activities
Date of Export:  20/12/2025 | Time of Export:  04:08:35 PM
1 of 2
Account Activities
Statement Date Transaction Date Description Deposit(IDR) Withdrawal(IDR) Ledger Balance(IDR)
05/11/2025
05/11/2025 11:12:07
PM
OD Int Charge 0 65,348,697 -7,379,019,833
07/11/2025
07/11/2025 12:09:41
PM
Cash
BN
0 1,675,000,000 -9,054,019,833
20/11/2025
20/11/2025 10:57:44
AM
Cash 0000000018 0 100,000,000 -9,154,019,833
20/11/2025
20/11/2025 12:40:57
PM
Cash 0000000019 0 150,000,000 -9,304,019,833
28/11/2025
28/11/2025 01:02:21
PM
Misc Credit
TRANSFER DANA
RIC511280380C01
PT. EGA TEKELINDO PRIMA
2,000,000,000 0 -7,304,019,833
Total Deposits(IDR) Total Withdrawals(IDR)
39,000,221,409 36,990,392,978
Note
Balances and details reflected are indicative.
Deposit Insurance Scheme
Deposits in the forms of saving accounts,  time deposits,  current accounts/checking,  certificate of deposit,  and/or other forms of deposits that has
similar  characteristic  with maximum amount equal  of  IDR 2 Billion are included in  the government insurance program if  the deposit  interest  rate
agreed between Bank and Customer is  not  exceeding the normal  interest  rate as  regulated by LPS (Deposit  Insurance Corp

... (dipotong) ...

[INFO] Tests run: 1, Failures: 0, Errors: 0, Skipped: 0, Time elapsed: 0.988 s -- in com.example.mutexa_be.PdfInspectorTest
[INFO] 
[INFO] Results:
[INFO] 
[INFO] Tests run: 1, Failures: 0, Errors: 0, Skipped: 0
[INFO] 
[INFO] ------------------------------------------------------------------------
[INFO] BUILD SUCCESS
[INFO] ------------------------------------------------------------------------
[INFO] Total time:  6.747 s
[INFO] Finished at: 2026-03-27T14:11:59+07:00
[INFO] ------------------------------------------------------------------------
