[INFO] Scanning for projects...
[INFO] 
[INFO] -----------------------< com.example:mutexa-be >------------------------
[INFO] Building mutexa-be 0.0.1-SNAPSHOT
[INFO]   from pom.xml
[INFO] --------------------------------[ jar ]---------------------------------
[INFO] 
[INFO] --- resources:3.3.1:resources (default-resources) @ mutexa-be ---
[INFO] Copying 1 resource from src\main\resources to target\classes
[INFO] Copying 1 resource from src\main\resources to target\classes
[INFO] 
[INFO] --- compiler:3.14.1:compile (default-compile) @ mutexa-be ---
[INFO] Nothing to compile - all classes are up to date.
[INFO] 
[INFO] --- resources:3.3.1:testResources (default-testResources) @ mutexa-be ---
[INFO] skip non existing resourceDirectory C:\Users\agung\Documents\PDP_BCA_Finance\MutexaApp\mutexa-be\src\test\resources
[INFO] 
[INFO] --- compiler:3.14.1:testCompile (default-testCompile) @ mutexa-be ---
[INFO] Recompiling the module because of added or removed source files.
[INFO] Compiling 16 source files with javac [debug parameters release 21] to target\test-classes
[INFO] -------------------------------------------------------------
[ERROR] COMPILATION ERROR : 
[INFO] -------------------------------------------------------------
[ERROR] /C:/Users/agung/Documents/PDP_BCA_Finance/MutexaApp/mutexa-be/src/test/java/com/example/mutexa_be/PDFBoxCoordinateTest.java:[28,45] cannot find symbol
  symbol:   method load(java.io.File,java.lang.String)
  location: class org.apache.pdfbox.pdmodel.PDDocument
[INFO] 1 error
[INFO] -------------------------------------------------------------
[INFO] ------------------------------------------------------------------------
[INFO] BUILD FAILURE
[INFO] ------------------------------------------------------------------------
[INFO] Total time:  11.541 s
[INFO] Finished at: 2026-04-17T14:35:13+07:00
[INFO] ------------------------------------------------------------------------
[ERROR] Failed to execute goal org.apache.maven.plugins:maven-compiler-plugin:3.14.1:testCompile (default-testCompile) on project mutexa-be: Compilation failure
[ERROR] /C:/Users/agung/Documents/PDP_BCA_Finance/MutexaApp/mutexa-be/src/test/java/com/example/mutexa_be/PDFBoxCoordinateTest.java:[28,45] cannot find symbol
[ERROR]   symbol:   method load(java.io.File,java.lang.String)
[ERROR]   location: class org.apache.pdfbox.pdmodel.PDDocument
[ERROR] 
[ERROR] -> [Help 1]
[ERROR] 
[ERROR] To see the full stack trace of the errors, re-run Maven with the -e switch.
[ERROR] Re-run Maven using the -X switch to enable full debug logging.
[ERROR] 
[ERROR] For more information about the errors and possible solutions, please read the following articles:
[ERROR] [Help 1] http://cwiki.apache.org/confluence/display/MAVEN/MojoFailureException
